// Jest Snapshot v1, https://goo.gl/fbAQLP

exports[`Pages - Calendar is snapshotable 1`] = `
<div
  className="CalendarPage"
>
  <div
    style={
      Object {
        "display": "block",
        "width": "100%",
      }
    }
  >
    <h1
      className="text-center"
    >
      SUBMITTING...
    </h1>
    <div
      className="la-ball-atom la-vw-sm"
      style={
        Object {
          "color": "#00F",
          "marginLeft": "auto",
          "marginRight": "auto",
          "zIndex": 0,
        }
      }
    >
      <div />
      <div />
      <div />
      <div />
    </div>
  </div>
</div>
`;
