// Jest Snapshot v1, https://goo.gl/fbAQLP

exports[`Components - Header is snapshotable 1`] = `
<header
  className="Site-header"
  style={
    Object {
      "backgroundImage": "background.svg",
      "top": "-0px",
    }
  }
>
  <div
    className="header-content"
  >
    <nav
      className="header-nav undefined"
    >
      <div
        className="header-logo"
      >
        <a
          className="header-link"
          href="/"
          onClick={[Function]}
        >
          <img
            alt="Site Logo"
            src="logo.svg"
          />
        </a>
      </div>
      <div
        className="header-menu"
      >
        <input
          checked={false}
          className="nav-trigger"
          id="nav-trigger"
          type="checkbox"
        />
        <label
          htmlFor="nav-trigger"
          onClick={[Function]}
        >
          <span />
        </label>
        <div
          className="header-menu-wrapper"
        >
          <a
            className="header-link "
            href="/"
            onClick={[Function]}
          >
            Home Page
          </a>
          <a
            className="header-link "
            href="/calendar"
            onClick={[Function]}
          >
            Calendar
          </a>
          <a
            className="header-link "
            href="/developers/1"
            onClick={[Function]}
          >
            Test Page
          </a>
          <a
            className="header-link "
            href="/pages/54326"
            onClick={[Function]}
          >
            Test Resource Page
          </a>
          <a
            className="header-link "
            href="/alternate"
            onClick={[Function]}
          >
            Test Aliased Page
          </a>
        </div>
      </div>
    </nav>
    <h1
      className="Site-title"
    >
      <div
        className="top-logo"
      >
        <a
          className="header-link"
          href="/"
          onClick={[Function]}
        >
          <img
            alt="Site Logo"
            src="logo.svg"
          />
        </a>
      </div>
      <span>
        You're Reacting!
      </span>
    </h1>
  </div>
</header>
`;
