// Jest Snapshot v1, https://goo.gl/fbAQLP

exports[`Pages - Home is snapshotable 1`] = `
<div
  className="Site-intro"
  style={
    Object {
      "height": "1000vh",
    }
  }
>
  <div
    className="la-ball-atom la-vh"
    style={
      Object {
        "color": "#00F",
        "marginLeft": "auto",
        "marginRight": "auto",
        "zIndex": 0,
      }
    }
  >
    <div />
    <div />
    <div />
    <div />
  </div>
</div>
`;
