// Jest Snapshot v1, https://goo.gl/fbAQLP

exports[`Components - Header::Links is snapshotable 1`] = `
<div
  className="header-menu"
>
  <input
    checked={false}
    className="nav-trigger"
    id="nav-trigger"
    type="checkbox"
  />
  <label
    htmlFor="nav-trigger"
    onClick={[Function]}
  >
    <span />
  </label>
  <div
    className="header-menu-wrapper"
  >
    <a
      className="header-link"
      href="/"
      onClick={[Function]}
    >
      Home Page
    </a>
    <a
      className="header-link"
      href="/developers/1"
      onClick={[Function]}
    >
      Test Page
    </a>
    <a
      className="header-link"
      href="/pages/54326"
      onClick={[Function]}
    >
      Test Resource Page
    </a>
    <a
      className="header-link"
      href="/alternate"
      onClick={[Function]}
    >
      Test Aliased Page
    </a>
  </div>
</div>
`;
